Enter the number of decimal places from 1 to 7:  Pi = 3.1415926